
[Exposure Mapper mapApiExposure must map ApiExposure correctly - 1]
api.ApiExposure{
    Approval:      "SIMPLE",
    BasePath:      "/eni/distr/v1",
    Failover:      api.Failover{},
    LoadBalancing: api.LoadBalancing{},
    RateLimit:     api.RateLimitContainer{},
    RemoveHeaders: nil,
    Security:      api.Security{},
    TrustedTeams:  nil,
    Type:          "",
    Upstream:      "https://httpbin.org/anything",
    Visibility:    "WORLD",
}
---

[Exposure Mapper mapApiExposure must handle empty ApiExposure input - 1]
api.ApiExposure{
    Approval:      "",
    BasePath:      "",
    Failover:      api.Failover{},
    LoadBalancing: api.LoadBalancing{
        Health:  api.Health{},
        Servers: {
        },
    },
    RateLimit:     api.RateLimitContainer{},
    RemoveHeaders: nil,
    Security:      api.Security{},
    TrustedTeams:  nil,
    Type:          "",
    Upstream:      "",
    Visibility:    "",
}
---

[Exposure Mapper mapExposure must map an ApiExposure correctly - 1]
&api.Exposure{
    union: {0x7b, 0x22, 0x61, 0x70, 0x70, 0x72, 0x6f, 0x76, 0x61, 0x6c, 0x22, 0x3a, 0x22, 0x53, 0x49, 0x4d, 0x50, 0x4c, 0x45, 0x22, 0x2c, 0x22, 0x62, 0x61, 0x73, 0x65, 0x50, 0x61, 0x74, 0x68, 0x22, 0x3a, 0x22, 0x2f, 0x65, 0x6e, 0x69, 0x2f, 0x64, 0x69, 0x73, 0x74, 0x72, 0x2f, 0x76, 0x31, 0x22, 0x2c, 0x22, 0x74, 0x79, 0x70, 0x65, 0x22, 0x3a, 0x22, 0x61, 0x70, 0x69, 0x22, 0x2c, 0x22, 0x75, 0x70, 0x73, 0x74, 0x72, 0x65, 0x61, 0x6d, 0x22, 0x3a, 0x22, 0x68, 0x74, 0x74, 0x70, 0x73, 0x3a, 0x2f, 0x2f, 0x68, 0x74, 0x74, 0x70, 0x62, 0x69, 0x6e, 0x2e, 0x6f, 0x72, 0x67, 0x2f, 0x61, 0x6e, 0x79, 0x74, 0x68, 0x69, 0x6e, 0x67, 0x22, 0x2c, 0x22, 0x76, 0x69, 0x73, 0x69, 0x62, 0x69, 0x6c, 0x69, 0x74, 0x79, 0x22, 0x3a, 0x22, 0x57, 0x4f, 0x52, 0x4c, 0x44, 0x22, 0x7d},
}
---

[Exposure Mapper mapExposure must map an EventExposure correctly - 1]
&api.Exposure{
    union: {0x7b, 0x22, 0x61, 0x70, 0x70, 0x72, 0x6f, 0x76, 0x61, 0x6c, 0x22, 0x3a, 0x22, 0x22, 0x2c, 0x22, 0x65, 0x76, 0x65, 0x6e, 0x74, 0x54, 0x79, 0x70, 0x65, 0x22, 0x3a, 0x22, 0x74, 0x61, 0x72, 0x64, 0x69, 0x73, 0x2e, 0x68, 0x6f, 0x72, 0x69, 0x7a, 0x6f, 0x6e, 0x2e, 0x64, 0x65, 0x6d, 0x6f, 0x2e, 0x63, 0x65, 0x74, 0x75, 0x73, 0x2e, 0x76, 0x31, 0x22, 0x2c, 0x22, 0x74, 0x79, 0x70, 0x65, 0x22, 0x3a, 0x22, 0x65, 0x76, 0x65, 0x6e, 0x74, 0x22, 0x2c, 0x22, 0x76, 0x69, 0x73, 0x69, 0x62, 0x69, 0x6c, 0x69, 0x74, 0x79, 0x22, 0x3a, 0x22, 0x22, 0x7d},
}
---

[Exposure Mapper mapExposure must return an error for unknown exposure type - 1]
&api.Exposure{}
---
