
[Subscription Mapper MapApiSubscription must map ApiSubscription correctly - 1]
api.ApiSubscription{
    BasePath: "/eni/distr/v1",
    Failover: api.Failover{},
    Security: api.Security{},
    Type:     "",
}
---

[Subscription Mapper MapApiSubscription must handle empty ApiSubscription input - 1]
api.ApiSubscription{}
---

[Subscription Mapper mapSubscription must map an ApiSubscription correctly - 1]
&api.Subscription{
    union: {0x7b, 0x22, 0x62, 0x61, 0x73, 0x65, 0x50, 0x61, 0x74, 0x68, 0x22, 0x3a, 0x22, 0x2f, 0x65, 0x6e, 0x69, 0x2f, 0x64, 0x69, 0x73, 0x74, 0x72, 0x2f, 0x76, 0x31, 0x22, 0x2c, 0x22, 0x74, 0x79, 0x70, 0x65, 0x22, 0x3a, 0x22, 0x61, 0x70, 0x69, 0x22, 0x7d},
}
---

[Subscription Mapper mapSubscription must map an EventSubscription correctly - 1]
&api.Subscription{
    union: {0x7b, 0x22, 0x64, 0x65, 0x6c, 0x69, 0x76, 0x65, 0x72, 0x79, 0x54, 0x79, 0x70, 0x65, 0x22, 0x3a, 0x22, 0x22, 0x2c, 0x22, 0x65, 0x76, 0x65, 0x6e, 0x74, 0x54, 0x79, 0x70, 0x65, 0x22, 0x3a, 0x22, 0x74, 0x65, 0x73, 0x74, 0x2d, 0x65, 0x76, 0x65, 0x6e, 0x74, 0x22, 0x2c, 0x22, 0x70, 0x61, 0x79, 0x6c, 0x6f, 0x61, 0x64, 0x54, 0x79, 0x70, 0x65, 0x22, 0x3a, 0x22, 0x22, 0x2c, 0x22, 0x74, 0x79, 0x70, 0x65, 0x22, 0x3a, 0x22, 0x65, 0x76, 0x65, 0x6e, 0x74, 0x22, 0x7d},
}
---

[Subscription Mapper mapSubscription must return an error if Discriminator fails - 1]
&api.Subscription{}
---
